2026-09-23T01:51:23+05:30
PHASE4I_SCOPE=reversible-experimental-cutover
               total        used        free      shared  buff/cache   available
Mem:            7485        1634        5607           2         443        5850
Swap:          16383         632       15751
{"object":"list","data":[{"id":"openclaw","object":"model","created":1790108495,"owned_by":"tensorrt-edgellm","max_model_len":8192}]}SINGLE_OBJECT {"city": "Paris", "ok": false, "temperature": 12}
STREAM_OBJECT {"city": "Paris", "ok": false, "temperature": 12}
NESTED_UNICODE_GATE passed=1
HTTP_400_GATE passed=1
INCOMPLETE_GATE passed=1
BATCH_TWO_GATE {"city": "Paris", "ok": false, "temperature": 12} [1, 2, 3]
CANCEL_REUSE_GATE passed=1
PHASE1_3_ENDPOINT_GATE passed=1 elapsed_seconds=10.852
{"status":"healthy","model":"openclaw","execution":{"captures":0,"replays":0,"eager":126,"profile_switches":12},"active_requests":0,"queued_requests":0,"capabilities":{"chat":true,"transcription":false,"speech":false,"input_modalities":["text"],"output_modalities":["text"],"max_model_len":8192,"max_input_len":6144,"max_batch_size":2,"max_num_seqs":2,"kv_cache_dtype":"fp16","speculative_decoding":false,"speculative_method":"none","context_reuse":false}}VmHWM:	 6899880 kB
VmRSS:	 6825844 kB
VmSwap:	  210600 kB
PHASE4I_EXPERIMENTAL_CUTOVER=passed
MainPID=863289
ExecMainStatus=0
ActiveState=active
ActiveState=active
               total        used        free      shared  buff/cache   available
Mem:            7485        7347          95           1         242         137
Swap:          16383         853       15530
PHASE4I_EXIT=0
2026-09-23T01:51:47+05:30
