2026-09-23T11:07:33+05:30
GPU_MASK_RELIABILITY_SCOPE=bounded-isolated-production-engine
true
{"event": "start", "memory": {"process_kib": {"VmHWM": 6798296, "VmRSS": 6705912, "VmSwap": 56}, "system_kib": {"MemAvailable": 168912, "SwapFree": 16545276}}}
{"event": "checkpoint", "pairs": 5, "tokens": 145, "elapsed_s": 8.335875338001642, "memory": {"process_kib": {"VmHWM": 6853972, "VmRSS": 6759040, "VmSwap": 263652}, "system_kib": {"MemAvailable": 115428, "SwapFree": 16201980}}}
{"event": "checkpoint", "pairs": 10, "tokens": 290, "elapsed_s": 14.898110150003049, "memory": {"process_kib": {"VmHWM": 6853972, "VmRSS": 6757160, "VmSwap": 264688}, "system_kib": {"MemAvailable": 117792, "SwapFree": 16199932}}}
{"event": "checkpoint", "pairs": 15, "tokens": 435, "elapsed_s": 21.41937654200592, "memory": {"process_kib": {"VmHWM": 6853972, "VmRSS": 6756600, "VmSwap": 264600}, "system_kib": {"MemAvailable": 113392, "SwapFree": 16199676}}}
{"event": "checkpoint", "pairs": 20, "tokens": 580, "elapsed_s": 27.88805767500162, "memory": {"process_kib": {"VmHWM": 6853972, "VmRSS": 6756620, "VmSwap": 264596}, "system_kib": {"MemAvailable": 112452, "SwapFree": 16199676}}}
{"event": "checkpoint", "pairs": 25, "tokens": 725, "elapsed_s": 34.38499197600322, "memory": {"process_kib": {"VmHWM": 6853972, "VmRSS": 6751936, "VmSwap": 268828}, "system_kib": {"MemAvailable": 115176, "SwapFree": 16195324}}}
{"event": "checkpoint", "pairs": 30, "tokens": 870, "elapsed_s": 40.96830369300005, "memory": {"process_kib": {"VmHWM": 6853972, "VmRSS": 6748108, "VmSwap": 271560}, "system_kib": {"MemAvailable": 120840, "SwapFree": 16192764}}}
{"event": "checkpoint", "pairs": 35, "tokens": 1015, "elapsed_s": 47.44468369200331, "memory": {"process_kib": {"VmHWM": 6853972, "VmRSS": 6748196, "VmSwap": 271524}, "system_kib": {"MemAvailable": 117528, "SwapFree": 16192764}}}
{"event": "checkpoint", "pairs": 40, "tokens": 1160, "elapsed_s": 53.896507933000976, "memory": {"process_kib": {"VmHWM": 6853972, "VmRSS": 6748260, "VmSwap": 271492}, "system_kib": {"MemAvailable": 116292, "SwapFree": 16193788}}}
{"event": "checkpoint", "pairs": 45, "tokens": 1305, "elapsed_s": 60.37978291499894, "memory": {"process_kib": {"VmHWM": 6853972, "VmRSS": 6748264, "VmSwap": 271492}, "system_kib": {"MemAvailable": 116588, "SwapFree": 16193788}}}
{"event": "checkpoint", "pairs": 50, "tokens": 1450, "elapsed_s": 66.82076417300414, "memory": {"process_kib": {"VmHWM": 6853972, "VmRSS": 6748272, "VmSwap": 271492}, "system_kib": {"MemAvailable": 114752, "SwapFree": 16194300}}}
{"event": "checkpoint", "pairs": 55, "tokens": 1595, "elapsed_s": 73.29417498000112, "memory": {"process_kib": {"VmHWM": 6853972, "VmRSS": 6748284, "VmSwap": 271492}, "system_kib": {"MemAvailable": 114752, "SwapFree": 16194300}}}
{"event": "checkpoint", "pairs": 60, "tokens": 1740, "elapsed_s": 79.81490067200502, "memory": {"process_kib": {"VmHWM": 6853972, "VmRSS": 6748288, "VmSwap": 271488}, "system_kib": {"MemAvailable": 117500, "SwapFree": 16194556}}}
{"event": "checkpoint", "pairs": 65, "tokens": 1885, "elapsed_s": 86.33111519000522, "memory": {"process_kib": {"VmHWM": 6853972, "VmRSS": 6745124, "VmSwap": 274416}, "system_kib": {"MemAvailable": 130672, "SwapFree": 16191740}}}
{"event": "checkpoint", "pairs": 70, "tokens": 2030, "elapsed_s": 92.78775263300486, "memory": {"process_kib": {"VmHWM": 6853972, "VmRSS": 6745124, "VmSwap": 274416}, "system_kib": {"MemAvailable": 127380, "SwapFree": 16191740}}}
{"event": "checkpoint", "pairs": 75, "tokens": 2175, "elapsed_s": 99.27168798500497, "memory": {"process_kib": {"VmHWM": 6853972, "VmRSS": 6745132, "VmSwap": 274416}, "system_kib": {"MemAvailable": 125380, "SwapFree": 16191740}}}
{"event": "checkpoint", "pairs": 80, "tokens": 2320, "elapsed_s": 105.73927553500107, "memory": {"process_kib": {"VmHWM": 6853972, "VmRSS": 6738652, "VmSwap": 280032}, "system_kib": {"MemAvailable": 136552, "SwapFree": 16185596}}}
{"event": "checkpoint", "pairs": 85, "tokens": 2465, "elapsed_s": 112.2791089530001, "memory": {"process_kib": {"VmHWM": 6853972, "VmRSS": 6738692, "VmSwap": 280012}, "system_kib": {"MemAvailable": 133456, "SwapFree": 16185596}}}
{"event": "checkpoint", "pairs": 90, "tokens": 2610, "elapsed_s": 118.74772919500538, "memory": {"process_kib": {"VmHWM": 6853972, "VmRSS": 6738716, "VmSwap": 280000}, "system_kib": {"MemAvailable": 133736, "SwapFree": 16185596}}}
{"event": "checkpoint", "pairs": 95, "tokens": 2755, "elapsed_s": 125.26685551799892, "memory": {"process_kib": {"VmHWM": 6853972, "VmRSS": 6738720, "VmSwap": 279996}, "system_kib": {"MemAvailable": 131000, "SwapFree": 16185852}}}
{"event": "checkpoint", "pairs": 100, "tokens": 2900, "elapsed_s": 131.69874026000616, "memory": {"process_kib": {"VmHWM": 6853972, "VmRSS": 6738724, "VmSwap": 279992}, "system_kib": {"MemAvailable": 124184, "SwapFree": 16185852}}}
{"event": "checkpoint", "pairs": 105, "tokens": 3045, "elapsed_s": 138.12223713200365, "memory": {"process_kib": {"VmHWM": 6853972, "VmRSS": 6738732, "VmSwap": 279988}, "system_kib": {"MemAvailable": 123372, "SwapFree": 16185852}}}
{"event": "checkpoint", "pairs": 110, "tokens": 3190, "elapsed_s": 144.64898077500402, "memory": {"process_kib": {"VmHWM": 6853972, "VmRSS": 6738752, "VmSwap": 279988}, "system_kib": {"MemAvailable": 130048, "SwapFree": 16186108}}}
{"event": "checkpoint", "pairs": 115, "tokens": 3335, "elapsed_s": 151.0912021480035, "memory": {"process_kib": {"VmHWM": 6853972, "VmRSS": 6738768, "VmSwap": 279980}, "system_kib": {"MemAvailable": 130064, "SwapFree": 16186108}}}
{"event": "checkpoint", "pairs": 120, "tokens": 3480, "elapsed_s": 157.5349307130018, "memory": {"process_kib": {"VmHWM": 6853972, "VmRSS": 6738772, "VmSwap": 279980}, "system_kib": {"MemAvailable": 131116, "SwapFree": 16186108}}}
{"event": "checkpoint", "pairs": 125, "tokens": 3625, "elapsed_s": 164.07545824200497, "memory": {"process_kib": {"VmHWM": 6853972, "VmRSS": 6738776, "VmSwap": 279980}, "system_kib": {"MemAvailable": 151372, "SwapFree": 16186108}}}
{"event": "GPU_MASK_RELIABILITY", "passed": true, "pairs": 126, "requests": 252, "tokens": 3654, "elapsed_s": 165.4632447230033, "memory": {"process_kib": {"VmHWM": 6853972, "VmRSS": 6738776, "VmSwap": 279980}, "system_kib": {"MemAvailable": 150676, "SwapFree": 16186108}}, "health": {"status": "healthy", "model": "openclaw-json-candidate", "execution": {"captures": 0, "replays": 0, "eager": 2704, "profile_switches": 504}, "active_requests": 0, "queued_requests": 0, "capabilities": {"chat": true, "transcription": false, "speech": false, "input_modalities": ["text"], "output_modalities": ["text"], "max_model_len": 8192, "max_input_len": 6144, "max_batch_size": 2, "max_num_seqs": 2, "kv_cache_dtype": "fp16", "speculative_decoding": false, "speculative_method": "none", "context_reuse": false}}}
GPU_MASK_RELIABILITY_GATE=passed
MainPID=101306
ActiveState=active
ActiveState=active
               total        used        free      shared  buff/cache   available
Mem:            7485        7224         152           5         320         261
Swap:          16383         291       16092
GPU_MASK_RELIABILITY_EXIT=0
2026-09-23T11:10:49+05:30
