Running main() from 3rdParty/googletest/googletest/src/gtest_main.cc
[==========] Running 33 tests from 5 test suites.
[----------] Global test environment set-up.
[----------] 13 tests from ContinuousScheduler
[ RUN      ] ContinuousScheduler.StaggeredReuseAndDecodeFirst
[       OK ] ContinuousScheduler.StaggeredReuseAndDecodeFirst (0 ms)
[ RUN      ] ContinuousScheduler.QueueBoundsCancellationAndShutdown
[       OK ] ContinuousScheduler.QueueBoundsCancellationAndShutdown (0 ms)
[ RUN      ] ContinuousScheduler.ByteBoundAndValidation
[       OK ] ContinuousScheduler.ByteBoundAndValidation (0 ms)
[ RUN      ] ContinuousScheduler.FaultSettlesActiveAndQueued
[       OK ] ContinuousScheduler.FaultSettlesActiveAndQueued (0 ms)
[ RUN      ] ContinuousScheduler.IdleWaitAndWake
[       OK ] ContinuousScheduler.IdleWaitAndWake (68 ms)
[ RUN      ] ContinuousScheduler.TwoPrefillsFairnessAndActiveCancellation
[       OK ] ContinuousScheduler.TwoPrefillsFairnessAndActiveCancellation (0 ms)
[ RUN      ] ContinuousScheduler.CloseSettlesAllTickets
[       OK ] ContinuousScheduler.CloseSettlesAllTickets (0 ms)
[ RUN      ] ContinuousScheduler.CancelledQueueHeadDoesNotDelayAdmission
[       OK ] ContinuousScheduler.CancelledQueueHeadDoesNotDelayAdmission (0 ms)
[ RUN      ] ContinuousScheduler.ConcurrentProducersAndRepeatedReuse
[       OK ] ContinuousScheduler.ConcurrentProducersAndRepeatedReuse (1 ms)
[ RUN      ] ContinuousScheduler.SlowConsumerDoesNotBlockPartner
[       OK ] ContinuousScheduler.SlowConsumerDoesNotBlockPartner (0 ms)
[ RUN      ] ContinuousScheduler.QueuedCancellationWhileBothSlotsOccupied
[       OK ] ContinuousScheduler.QueuedCancellationWhileBothSlotsOccupied (0 ms)
[ RUN      ] ContinuousScheduler.QueueAndActiveDeadlines
[       OK ] ContinuousScheduler.QueueAndActiveDeadlines (33 ms)
[ RUN      ] ContinuousScheduler.DecodeCancellationAndStartupFailure
[       OK ] ContinuousScheduler.DecodeCancellationAndStartupFailure (12 ms)
[----------] 13 tests from ContinuousScheduler (118 ms total)

[----------] 2 tests from PrefillChunks
[ RUN      ] PrefillChunks.EverySupportedPromptPreservesTokensAndBounds
[       OK ] PrefillChunks.EverySupportedPromptPreservesTokensAndBounds (3005 ms)
[ RUN      ] PrefillChunks.InvalidRemaindersAndShortTails
[       OK ] PrefillChunks.InvalidRemaindersAndShortTails (0 ms)
[----------] 2 tests from PrefillChunks (3005 ms total)

[----------] 9 tests from SequenceSlots
[ RUN      ] SequenceSlots.RejectsInvalidCapacity
[       OK ] SequenceSlots.RejectsInvalidCapacity (0 ms)
[ RUN      ] SequenceSlots.AdmissionIsBoundedAndIdsAreUnique
[       OK ] SequenceSlots.AdmissionIsBoundedAndIdsAreUnique (0 ms)
[ RUN      ] SequenceSlots.RejectsStaleAndForeignHandles
[       OK ] SequenceSlots.RejectsStaleAndForeignHandles (0 ms)
[ RUN      ] SequenceSlots.SeparatesSampledAndCommittedTokens
[       OK ] SequenceSlots.SeparatesSampledAndCommittedTokens (0 ms)
[ RUN      ] SequenceSlots.OneTokenOutputNeedsNoDecodeForward
[       OK ] SequenceSlots.OneTokenOutputNeedsNoDecodeForward (0 ms)
[ RUN      ] SequenceSlots.RequestsKeepIndependentOptionsAndHeadroom
[       OK ] SequenceSlots.RequestsKeepIndependentOptionsAndHeadroom (0 ms)
[ RUN      ] SequenceSlots.InvalidTransitionsDoNotMutateState
[       OK ] SequenceSlots.InvalidTransitionsDoNotMutateState (0 ms)
[ RUN      ] SequenceSlots.DetectsRandomCounterOverflow
[       OK ] SequenceSlots.DetectsRandomCounterOverflow (0 ms)
[ RUN      ] SequenceSlots.ReuseDoesNotCarryPromptOutputOrOptions
[       OK ] SequenceSlots.ReuseDoesNotCarryPromptOutputOrOptions (0 ms)
[----------] 9 tests from SequenceSlots (0 ms total)

[----------] 8 tests from SequencePolicy
[ RUN      ] SequencePolicy.BiasedUnscaledLogprobsAndTopK
[       OK ] SequencePolicy.BiasedUnscaledLogprobsAndTopK (0 ms)
[ RUN      ] SequencePolicy.RngIndependentOfOtherRowsAndSeed
[       OK ] SequencePolicy.RngIndependentOfOtherRowsAndSeed (0 ms)
[ RUN      ] SequencePolicy.NucleusRetainsMinimalProbabilityPrefix
[       OK ] SequencePolicy.NucleusRetainsMinimalProbabilityPrefix (0 ms)
[ RUN      ] SequencePolicy.StopAcrossTokensDoesNotLeakPrefix
[       OK ] SequencePolicy.StopAcrossTokensDoesNotLeakPrefix (0 ms)
[ RUN      ] SequencePolicy.UnicodeBoundariesAndReset
[       OK ] SequencePolicy.UnicodeBoundariesAndReset (0 ms)
[ RUN      ] SequencePolicy.IndependentThinkingAndEos
[       OK ] SequencePolicy.IndependentThinkingAndEos (0 ms)
[ RUN      ] SequencePolicy.ValidatesMetadataBeforeAdmission
[       OK ] SequencePolicy.ValidatesMetadataBeforeAdmission (0 ms)
[ RUN      ] SequencePolicy.FinalUtf8ReplacementParticipatesInStopMatch
[       OK ] SequencePolicy.FinalUtf8ReplacementParticipatesInStopMatch (0 ms)
[----------] 8 tests from SequencePolicy (1 ms total)

[----------] 1 test from SequenceChannel
[ RUN      ] SequenceChannel.WraparoundByteLimitAndTerminalOnFull
[       OK ] SequenceChannel.WraparoundByteLimitAndTerminalOnFull (0 ms)
[----------] 1 test from SequenceChannel (0 ms total)

[----------] Global test environment tear-down
[==========] 33 tests from 5 test suites ran. (3126 ms total)
[  PASSED  ] 33 tests.
