2026-09-23T01:37:37+05:30
PHASE4E_SCOPE=isolated-production-engine-fit
               total        used        free      shared  buff/cache   available
Mem:            7485        1774        5385          11         537        5710
Swap:          16383         506       15877
PHASE4E_PRODUCTION_ENGINE_HEALTH=passed
SINGLE_OBJECT {"city": "Paris", "ok": false, "temperature": 12}
STREAM_OBJECT {"city": "Paris", "ok": false, "temperature": 12}
NESTED_UNICODE_GATE passed=1
HTTP_400_GATE passed=1
INCOMPLETE_GATE passed=1
BATCH_TWO_GATE {"city": "Paris", "ok": false, "temperature": 12} [1, 2, 3]
CANCEL_REUSE_GATE passed=1
PHASE1_3_ENDPOINT_GATE passed=1 elapsed_seconds=10.975
PHASE4E_PRODUCTION_ENGINE_FIT=passed
PHASE4E_EXIT=0
               total        used        free      shared  buff/cache   available
Mem:            7485        1712        5725           6         252        5772
Swap:          16383         592       15791
2026-09-23T01:38:03+05:30
